ARM Linker, 5.03 [Build 76] [MDK-ARM Lite]

==============================================================================

Section Cross References

    startup_tm4c123.o(STACK) refers (Special) to heapauxi.o(.text) for __use_two_region_memory
    startup_tm4c123.o(HEAP) refers (Special) to heapauxi.o(.text) for __use_two_region_memory
    startup_tm4c123.o(RESET) refers (Special) to heapauxi.o(.text) for __use_two_region_memory
    startup_tm4c123.o(RESET) refers to startup_tm4c123.o(STACK) for __initial_sp
    startup_tm4c123.o(RESET) refers to startup_tm4c123.o(.text) for Reset_Handler
    startup_tm4c123.o(.text) refers (Special) to heapauxi.o(.text) for __use_two_region_memory
    startup_tm4c123.o(.text) refers to __main.o(.text) for __main
    startup_tm4c123.o(.text) refers to startup_tm4c123.o(HEAP) for Heap_Mem
    startup_tm4c123.o(.text) refers to startup_tm4c123.o(STACK) for Stack_Mem
    __main.o(.text) refers to port_init.o(.text) for Port_Init
    __main.o(.text) refers to port_setpindirection.o(.text) for Port_SetPinDirection
    __main.o(.text) refers to port_setpull.o(.text) for Port_SetPinPullUp
    __main.o(.text) refers to timer_init.o(.text) for Timer_init
    __main.o(.text) refers to lcd.o(.text) for LCD_init
    __main.o(.text) refers to pushbutton.o(.text) for PushButton_readState
    __main.o(.text) refers to timer_delay.o(.text) for delay_ms
    pushbutton.o(.text) refers to dio.o(.text) for DIO_ReadPort
    lcd.o(.text) refers to dio.o(.text) for DIO_WritePort
    lcd.o(.text) refers to timer_delay.o(.text) for delay_ms
    lcd.o(.text) refers to lcd.o(.constdata) for .constdata


==============================================================================

Image Symbol Table

    Local Symbols

    Symbol Name                              Value     Ov Type        Size  Object(Section)

    RESET                                    0x00000000   Section      620  startup_tm4c123.o(RESET)
    ../clib/heapaux.c                        0x00000000   Number         0  heapauxi.o ABSOLUTE
    DIO.c                                    0x00000000   Number         0  dio.o ABSOLUTE
    LCD.c                                    0x00000000   Number         0  lcd.o ABSOLUTE
    MCAL.c                                   0x00000000   Number         0  mcal.o ABSOLUTE
    Port_Init.c                              0x00000000   Number         0  port_init.o ABSOLUTE
    Port_SetPinDirection.c                   0x00000000   Number         0  port_setpindirection.o ABSOLUTE
    Port_SetPinPullUp.c                      0x00000000   Number         0  port_setpinpullup.o ABSOLUTE
    Port_SetPull.c                           0x00000000   Number         0  port_setpull.o ABSOLUTE
    PushButton.c                             0x00000000   Number         0  pushbutton.o ABSOLUTE
    Timer_Delay.c                            0x00000000   Number         0  timer_delay.o ABSOLUTE
    __main.c                                 0x00000000   Number         0  __main.o ABSOLUTE
    dc.s                                     0x00000000   Number         0  dc.o ABSOLUTE
    startup_TM4C123.s                        0x00000000   Number         0  startup_tm4c123.o ABSOLUTE
    timer_init.c                             0x00000000   Number         0  timer_init.o ABSOLUTE
    .text                                    0x0000026c   Section        0  dio.o(.text)
    .text                                    0x000004c0   Section      268  startup_tm4c123.o(.text)
    $v0                                      0x000004c0   Number         0  startup_tm4c123.o(.text)
    .text                                    0x000005cc   Section        0  __main.o(.text)
    .text                                    0x000006b4   Section        0  port_init.o(.text)
    .text                                    0x000008bc   Section        0  port_setpindirection.o(.text)
    .text                                    0x0000091c   Section        0  port_setpull.o(.text)
    .text                                    0x000009d0   Section        0  pushbutton.o(.text)
    .text                                    0x00000a10   Section        0  timer_delay.o(.text)
    .text                                    0x00000a6c   Section        0  timer_init.o(.text)
    .text                                    0x00000aa8   Section        0  lcd.o(.text)
    .text                                    0x00000c14   Section        0  heapauxi.o(.text)
    .constdata                               0x00000c1c   Section       72  lcd.o(.constdata)
    HEAP                                     0x20000000   Section        0  startup_tm4c123.o(HEAP)
    STACK                                    0x20000000   Section      512  startup_tm4c123.o(STACK)
    Heap_Mem                                 0x20000000   Data           0  startup_tm4c123.o(HEAP)
    Stack_Mem                                0x20000000   Data         512  startup_tm4c123.o(STACK)
    __initial_sp                             0x20000200   Data           0  startup_tm4c123.o(STACK)

    Global Symbols

    Symbol Name                              Value     Ov Type        Size  Object(Section)

    BuildAttributes$$THM_ISAv4$E$P$D$K$B$S$7EM$VFPi3$EXTD16$VFPS$VFMA$PE$A:L22UL41UL21$X:L11$S22US41US21$IEEE1$IW$USESV6$~STKCKD$USESV7$~SHL$OSPACE$ROPI$EBA8$STANDARDLIB$REQ8$PRES8$EABIv2 0x00000000   Number         0  anon$$obj.o ABSOLUTE
    __Vectors                                0x00000000   Data           4  startup_tm4c123.o(RESET)
    DIO_ReadPort                             0x0000026d   Thumb Code    80  dio.o(.text)
    __Vectors_End                            0x0000026c   Data           0  startup_tm4c123.o(RESET)
    __Vectors_Size                           0x0000026c   Number         0  startup_tm4c123.o ABSOLUTE
    DIO_ReadPort_level                       0x000002bd   Thumb Code   116  dio.o(.text)
    DIO_WritePort                            0x00000331   Thumb Code   240  dio.o(.text)
    DIO_FlipPort                             0x00000421   Thumb Code   116  dio.o(.text)
    Reset_Handler                            0x000004c1   Thumb Code     4  startup_tm4c123.o(.text)
    NMI_Handler                              0x000004c5   Thumb Code     2  startup_tm4c123.o(.text)
    HardFault_Handler                        0x000004c7   Thumb Code     2  startup_tm4c123.o(.text)
    MemManage_Handler                        0x000004c9   Thumb Code     2  startup_tm4c123.o(.text)
    BusFault_Handler                         0x000004cb   Thumb Code     2  startup_tm4c123.o(.text)
    UsageFault_Handler                       0x000004cd   Thumb Code     2  startup_tm4c123.o(.text)
    SVC_Handler                              0x000004cf   Thumb Code     2  startup_tm4c123.o(.text)
    DebugMon_Handler                         0x000004d1   Thumb Code     2  startup_tm4c123.o(.text)
    PendSV_Handler                           0x000004d3   Thumb Code     2  startup_tm4c123.o(.text)
    SysTick_Handler                          0x000004d5   Thumb Code     2  startup_tm4c123.o(.text)
    GPIOA_Handler                            0x000004d7   Thumb Code     2  startup_tm4c123.o(.text)
    GPIOB_Handler                            0x000004d9   Thumb Code     2  startup_tm4c123.o(.text)
    GPIOC_Handler                            0x000004db   Thumb Code     2  startup_tm4c123.o(.text)
    GPIOD_Handler                            0x000004dd   Thumb Code     2  startup_tm4c123.o(.text)
    GPIOE_Handler                            0x000004df   Thumb Code     2  startup_tm4c123.o(.text)
    UART0_Handler                            0x000004e1   Thumb Code     2  startup_tm4c123.o(.text)
    UART1_Handler                            0x000004e3   Thumb Code     2  startup_tm4c123.o(.text)
    SSI0_Handler                             0x000004e5   Thumb Code     2  startup_tm4c123.o(.text)
    I2C0_Handler                             0x000004e7   Thumb Code     2  startup_tm4c123.o(.text)
    PMW0_FAULT_Handler                       0x000004e9   Thumb Code     2  startup_tm4c123.o(.text)
    PWM0_0_Handler                           0x000004eb   Thumb Code     2  startup_tm4c123.o(.text)
    PWM0_1_Handler                           0x000004ed   Thumb Code     2  startup_tm4c123.o(.text)
    PWM0_2_Handler                           0x000004ef   Thumb Code     2  startup_tm4c123.o(.text)
    QEI0_Handler                             0x000004f1   Thumb Code     2  startup_tm4c123.o(.text)
    ADC0SS0_Handler                          0x000004f3   Thumb Code     2  startup_tm4c123.o(.text)
    ADC0SS1_Handler                          0x000004f5   Thumb Code     2  startup_tm4c123.o(.text)
    ADC0SS2_Handler                          0x000004f7   Thumb Code     2  startup_tm4c123.o(.text)
    ADC0SS3_Handler                          0x000004f9   Thumb Code     2  startup_tm4c123.o(.text)
    WDT0_Handler                             0x000004fb   Thumb Code     2  startup_tm4c123.o(.text)
    TIMER0A_Handler                          0x000004fd   Thumb Code     2  startup_tm4c123.o(.text)
    TIMER0B_Handler                          0x000004ff   Thumb Code     2  startup_tm4c123.o(.text)
    TIMER1A_Handler                          0x00000501   Thumb Code     2  startup_tm4c123.o(.text)
    TIMER1B_Handler                          0x00000503   Thumb Code     2  startup_tm4c123.o(.text)
    TIMER2A_Handler                          0x00000505   Thumb Code     2  startup_tm4c123.o(.text)
    TIMER2B_Handler                          0x00000507   Thumb Code     2  startup_tm4c123.o(.text)
    COMP0_Handler                            0x00000509   Thumb Code     2  startup_tm4c123.o(.text)
    COMP1_Handler                            0x0000050b   Thumb Code     2  startup_tm4c123.o(.text)
    COMP2_Handler                            0x0000050d   Thumb Code     2  startup_tm4c123.o(.text)
    SYSCTL_Handler                           0x0000050f   Thumb Code     2  startup_tm4c123.o(.text)
    FLASH_Handler                            0x00000511   Thumb Code     2  startup_tm4c123.o(.text)
    GPIOF_Handler                            0x00000513   Thumb Code     2  startup_tm4c123.o(.text)
    GPIOG_Handler                            0x00000515   Thumb Code     2  startup_tm4c123.o(.text)
    GPIOH_Handler                            0x00000517   Thumb Code     2  startup_tm4c123.o(.text)
    UART2_Handler                            0x00000519   Thumb Code     2  startup_tm4c123.o(.text)
    SSI1_Handler                             0x0000051b   Thumb Code     2  startup_tm4c123.o(.text)
    TIMER3A_Handler                          0x0000051d   Thumb Code     2  startup_tm4c123.o(.text)
    TIMER3B_Handler                          0x0000051f   Thumb Code     2  startup_tm4c123.o(.text)
    I2C1_Handler                             0x00000521   Thumb Code     2  startup_tm4c123.o(.text)
    QEI1_Handler                             0x00000523   Thumb Code     2  startup_tm4c123.o(.text)
    CAN0_Handler                             0x00000525   Thumb Code     2  startup_tm4c123.o(.text)
    CAN1_Handler                             0x00000527   Thumb Code     2  startup_tm4c123.o(.text)
    CAN2_Handler                             0x00000529   Thumb Code     2  startup_tm4c123.o(.text)
    HIB_Handler                              0x0000052b   Thumb Code     2  startup_tm4c123.o(.text)
    USB0_Handler                             0x0000052d   Thumb Code     2  startup_tm4c123.o(.text)
    PWM0_3_Handler                           0x0000052f   Thumb Code     2  startup_tm4c123.o(.text)
    UDMA_Handler                             0x00000531   Thumb Code     2  startup_tm4c123.o(.text)
    UDMAERR_Handler                          0x00000533   Thumb Code     2  startup_tm4c123.o(.text)
    ADC1SS0_Handler                          0x00000535   Thumb Code     2  startup_tm4c123.o(.text)
    ADC1SS1_Handler                          0x00000537   Thumb Code     2  startup_tm4c123.o(.text)
    ADC1SS2_Handler                          0x00000539   Thumb Code     2  startup_tm4c123.o(.text)
    ADC1SS3_Handler                          0x0000053b   Thumb Code     2  startup_tm4c123.o(.text)
    GPIOJ_Handler                            0x0000053d   Thumb Code     2  startup_tm4c123.o(.text)
    GPIOK_Handler                            0x0000053f   Thumb Code     2  startup_tm4c123.o(.text)
    GPIOL_Handler                            0x00000541   Thumb Code     2  startup_tm4c123.o(.text)
    SSI2_Handler                             0x00000543   Thumb Code     2  startup_tm4c123.o(.text)
    SSI3_Handler                             0x00000545   Thumb Code     2  startup_tm4c123.o(.text)
    UART3_Handler                            0x00000547   Thumb Code     2  startup_tm4c123.o(.text)
    UART4_Handler                            0x00000549   Thumb Code     2  startup_tm4c123.o(.text)
    UART5_Handler                            0x0000054b   Thumb Code     2  startup_tm4c123.o(.text)
    UART6_Handler                            0x0000054d   Thumb Code     2  startup_tm4c123.o(.text)
    UART7_Handler                            0x0000054f   Thumb Code     2  startup_tm4c123.o(.text)
    I2C2_Handler                             0x00000551   Thumb Code     2  startup_tm4c123.o(.text)
    I2C3_Handler                             0x00000553   Thumb Code     2  startup_tm4c123.o(.text)
    TIMER4A_Handler                          0x00000555   Thumb Code     2  startup_tm4c123.o(.text)
    TIMER4B_Handler                          0x00000557   Thumb Code     2  startup_tm4c123.o(.text)
    TIMER5A_Handler                          0x00000559   Thumb Code     2  startup_tm4c123.o(.text)
    TIMER5B_Handler                          0x0000055b   Thumb Code     2  startup_tm4c123.o(.text)
    WTIMER0A_Handler                         0x0000055d   Thumb Code     2  startup_tm4c123.o(.text)
    WTIMER0B_Handler                         0x0000055f   Thumb Code     2  startup_tm4c123.o(.text)
    WTIMER1A_Handler                         0x00000561   Thumb Code     2  startup_tm4c123.o(.text)
    WTIMER1B_Handler                         0x00000563   Thumb Code     2  startup_tm4c123.o(.text)
    WTIMER2A_Handler                         0x00000565   Thumb Code     2  startup_tm4c123.o(.text)
    WTIMER2B_Handler                         0x00000567   Thumb Code     2  startup_tm4c123.o(.text)
    WTIMER3A_Handler                         0x00000569   Thumb Code     2  startup_tm4c123.o(.text)
    WTIMER3B_Handler                         0x0000056b   Thumb Code     2  startup_tm4c123.o(.text)
    WTIMER4A_Handler                         0x0000056d   Thumb Code     2  startup_tm4c123.o(.text)
    WTIMER4B_Handler                         0x0000056f   Thumb Code     2  startup_tm4c123.o(.text)
    WTIMER5A_Handler                         0x00000571   Thumb Code     2  startup_tm4c123.o(.text)
    WTIMER5B_Handler                         0x00000573   Thumb Code     2  startup_tm4c123.o(.text)
    FPU_Handler                              0x00000575   Thumb Code     2  startup_tm4c123.o(.text)
    I2C4_Handler                             0x00000577   Thumb Code     2  startup_tm4c123.o(.text)
    I2C5_Handler                             0x00000579   Thumb Code     2  startup_tm4c123.o(.text)
    GPIOM_Handler                            0x0000057b   Thumb Code     2  startup_tm4c123.o(.text)
    GPION_Handler                            0x0000057d   Thumb Code     2  startup_tm4c123.o(.text)
    QEI2_Handler                             0x0000057f   Thumb Code     2  startup_tm4c123.o(.text)
    GPIOP0_Handler                           0x00000581   Thumb Code     2  startup_tm4c123.o(.text)
    GPIOP1_Handler                           0x00000583   Thumb Code     2  startup_tm4c123.o(.text)
    GPIOP2_Handler                           0x00000585   Thumb Code     2  startup_tm4c123.o(.text)
    GPIOP3_Handler                           0x00000587   Thumb Code     2  startup_tm4c123.o(.text)
    GPIOP4_Handler                           0x00000589   Thumb Code     2  startup_tm4c123.o(.text)
    GPIOP5_Handler                           0x0000058b   Thumb Code     2  startup_tm4c123.o(.text)
    GPIOP6_Handler                           0x0000058d   Thumb Code     2  startup_tm4c123.o(.text)
    GPIOP7_Handler                           0x0000058f   Thumb Code     2  startup_tm4c123.o(.text)
    GPIOQ0_Handler                           0x00000591   Thumb Code     2  startup_tm4c123.o(.text)
    GPIOQ1_Handler                           0x00000593   Thumb Code     2  startup_tm4c123.o(.text)
    GPIOQ2_Handler                           0x00000595   Thumb Code     2  startup_tm4c123.o(.text)
    GPIOQ3_Handler                           0x00000597   Thumb Code     2  startup_tm4c123.o(.text)
    GPIOQ4_Handler                           0x00000599   Thumb Code     2  startup_tm4c123.o(.text)
    GPIOQ5_Handler                           0x0000059b   Thumb Code     2  startup_tm4c123.o(.text)
    GPIOQ6_Handler                           0x0000059d   Thumb Code     2  startup_tm4c123.o(.text)
    GPIOQ7_Handler                           0x0000059f   Thumb Code     2  startup_tm4c123.o(.text)
    GPIOR_Handler                            0x000005a1   Thumb Code     2  startup_tm4c123.o(.text)
    GPIOS_Handler                            0x000005a3   Thumb Code     2  startup_tm4c123.o(.text)
    PMW1_0_Handler                           0x000005a5   Thumb Code     2  startup_tm4c123.o(.text)
    PWM1_1_Handler                           0x000005a7   Thumb Code     2  startup_tm4c123.o(.text)
    PWM1_2_Handler                           0x000005a9   Thumb Code     2  startup_tm4c123.o(.text)
    PWM1_3_Handler                           0x000005ab   Thumb Code     2  startup_tm4c123.o(.text)
    PWM1_FAULT_Handler                       0x000005ad   Thumb Code     2  startup_tm4c123.o(.text)
    __user_initial_stackheap                 0x000005b1   Thumb Code     0  startup_tm4c123.o(.text)
    __main                                   0x000005cd   Thumb Code   232  __main.o(.text)
    Port_Init                                0x000006b5   Thumb Code   464  port_init.o(.text)
    Port_SetPinDirection                     0x000008bd   Thumb Code    72  port_setpindirection.o(.text)
    Port_SetPinPullUp                        0x0000091d   Thumb Code    72  port_setpull.o(.text)
    Port_SetPinPulldown                      0x00000965   Thumb Code    84  port_setpull.o(.text)
    PushButton_readState                     0x000009d1   Thumb Code    64  pushbutton.o(.text)
    delay_ms                                 0x00000a11   Thumb Code    46  timer_delay.o(.text)
    delay_us                                 0x00000a3f   Thumb Code    42  timer_delay.o(.text)
    Timer_init                               0x00000a6d   Thumb Code    50  timer_init.o(.text)
    LCD_sendCommand                          0x00000aa9   Thumb Code    76  lcd.o(.text)
    LCD_init                                 0x00000af5   Thumb Code    28  lcd.o(.text)
    itoa                                     0x00000b11   Thumb Code    96  lcd.o(.text)
    LCD_sendInt                              0x00000b71   Thumb Code   136  lcd.o(.text)
    LCD_clearScreen                          0x00000bf9   Thumb Code    10  lcd.o(.text)
    __use_two_region_memory                  0x00000c15   Thumb Code     2  heapauxi.o(.text)
    __rt_heap_escrow$2region                 0x00000c17   Thumb Code     2  heapauxi.o(.text)
    __rt_heap_expand$2region                 0x00000c19   Thumb Code     2  heapauxi.o(.text)



==============================================================================

Memory Map of the image

  Image Entry point : 0x000004c1

  Load Region LR_1 (Base: 0x00000000, Size: 0x00000c64, Max: 0xffffffff, ABSOLUTE)

    Execution Region ER_RO (Base: 0x00000000, Size: 0x00000c64, Max: 0xffffffff, ABSOLUTE)

    Base Addr    Size         Type   Attr      Idx    E Section Name        Object

    0x00000000   0x0000026c   Data   RO           35    RESET               startup_tm4c123.o
    0x0000026c   0x00000254   Code   RO            1    .text               dio.o
    0x000004c0   0x0000010c   Code   RO           36  * .text               startup_tm4c123.o
    0x000005cc   0x000000e8   Code   RO           41    .text               __main.o
    0x000006b4   0x00000208   Code   RO           68    .text               port_init.o
    0x000008bc   0x00000060   Code   RO           80    .text               port_setpindirection.o
    0x0000091c   0x000000b4   Code   RO           92    .text               port_setpull.o
    0x000009d0   0x00000040   Code   RO          104    .text               pushbutton.o
    0x00000a10   0x0000005c   Code   RO          122    .text               timer_delay.o
    0x00000a6c   0x0000003c   Code   RO          134    .text               timer_init.o
    0x00000aa8   0x0000016c   Code   RO          146    .text               lcd.o
    0x00000c14   0x00000006   Code   RO          161    .text               c_w.l(heapauxi.o)
    0x00000c1a   0x00000002   PAD
    0x00000c1c   0x00000048   Data   RO          147    .constdata          lcd.o


    Execution Region ER_RW (Base: 0x20000000, Size: 0x00000000, Max: 0xffffffff, ABSOLUTE)

    **** No section assigned to this execution region ****


    Execution Region ER_ZI (Base: 0x20000000, Size: 0x00000200, Max: 0xffffffff, ABSOLUTE)

    Base Addr    Size         Type   Attr      Idx    E Section Name        Object

    0x20000000   0x00000000   Zero   RW           34    HEAP                startup_tm4c123.o
    0x20000000   0x00000200   Zero   RW           33    STACK               startup_tm4c123.o


==============================================================================

Image component sizes


      Code (inc. data)   RO Data    RW Data    ZI Data      Debug   Object Name

       232          0          0          0          0        821   __main.o
       596         68          0          0          0       3721   dio.o
       364         18         72          0          0       1624   lcd.o
         0          0          0          0          0        264   mcal.o
       520         62          0          0          0        604   port_init.o
        96         30          0          0          0        695   port_setpindirection.o
       180         36          0          0          0        968   port_setpull.o
        64          0          0          0          0        647   pushbutton.o
       268         20        620          0        512       5400   startup_tm4c123.o
        92          4          0          0          0        596   timer_delay.o
        60         10          0          0          0        421   timer_init.o

    ----------------------------------------------------------------------
      2472        248        692          0        512      15761   Object Totals
         0          0          0          0          0          0   (incl. Generated)
         0          0          0          0          0          0   (incl. Padding)

    ----------------------------------------------------------------------

      Code (inc. data)   RO Data    RW Data    ZI Data      Debug   Library Member Name

         6          0          0          0          0        152   heapauxi.o

    ----------------------------------------------------------------------
         8          0          0          0          0        152   Library Totals
         2          0          0          0          0          0   (incl. Padding)

    ----------------------------------------------------------------------

      Code (inc. data)   RO Data    RW Data    ZI Data      Debug   Library Name

         6          0          0          0          0        152   c_w.l

    ----------------------------------------------------------------------
         8          0          0          0          0        152   Library Totals

    ----------------------------------------------------------------------

==============================================================================


      Code (inc. data)   RO Data    RW Data    ZI Data      Debug   

      2480        248        692          0        512      15313   Grand Totals
      2480        248        692          0        512      15313   ELF Image Totals
      2480        248        692          0          0          0   ROM Totals

==============================================================================

    Total RO  Size (Code + RO Data)                 3172 (   3.10kB)
    Total RW  Size (RW Data + ZI Data)               512 (   0.50kB)
    Total ROM Size (Code + RO Data + RW Data)       3172 (   3.10kB)

==============================================================================

