Component: ARM Compiler 5.06 update 6 (build 750) Tool: armlink [4d35ed]

==============================================================================

Section Cross References

    startup_tm4c123.o(STACK) refers (Special) to heapauxi.o(.text) for __use_two_region_memory
    startup_tm4c123.o(HEAP) refers (Special) to heapauxi.o(.text) for __use_two_region_memory
    startup_tm4c123.o(RESET) refers (Special) to heapauxi.o(.text) for __use_two_region_memory
    startup_tm4c123.o(RESET) refers to startup_tm4c123.o(STACK) for __initial_sp
    startup_tm4c123.o(RESET) refers to startup_tm4c123.o(.text) for Reset_Handler
    startup_tm4c123.o(.text) refers (Special) to heapauxi.o(.text) for __use_two_region_memory
    startup_tm4c123.o(.text) refers to __main.o(.text) for __main
    startup_tm4c123.o(.text) refers to startup_tm4c123.o(HEAP) for Heap_Mem
    startup_tm4c123.o(.text) refers to startup_tm4c123.o(STACK) for Stack_Mem
    __main.o(.text) refers to port_init.o(.text) for Port_Init
    __main.o(.text) refers to port_setpindirection.o(.text) for Port_SetPinDirection
    __main.o(.text) refers to port_setpull.o(.text) for Port_SetPinPullUp
    __main.o(.text) refers to timer_init.o(.text) for Timer_init
    __main.o(.text) refers to pushbutton.o(.text) for PushButton_readState
    __main.o(.text) refers to timer_delay.o(.text) for delay_ms
    pushbutton.o(.text) refers to dio.o(.text) for DIO_ReadPort

