<html>
<body>
<pre>
<h1>µVision Build Log</h1>
<h2>Project:</h2>
E:\KEIL\Project\newproject.uvproj
Project File Date:  03/17/2019

<h2>Output:</h2>
Build target 'Project'
compiling Timer_Delay.c...
linking...
Program Size: Code=1892 RO-data=620 RW-data=0 ZI-data=512  
".\newproject.axf" - 0 Error(s), 0 Warning(s).
Load "E:\\KEIL\\Project\\newproject.axf" 
Connecting: Mode=JTAG, Speed=1000000Hz
Erase Done.
Programming Done.
Verify OK.
</pre>
</body>
</html>
elled. Debugger aborted !
Error: Target DLL has been cancelled. Debugger aborted !
